---
source: vm/src/vm.rs
expression: vm
---
Vm {
    heap: [
        Number(
            Number(
                1,
            ),
        ),
        Number(
            Number(
                0,
            ),
        ),
        Number(
            Number(
                0,
            ),
        ),
        Number(
            Number(
                0,
            ),
        ),
        Number(
            Number(
                0,
            ),
        ),
        Number(
            Number(
                0,
            ),
        ),
        Number(
            Number(
                0,
            ),
        ),
        Number(
            Number(
                0,
            ),
        ),
        Number(
            Number(
                0,
            ),
        ),
        Number(
            Number(
                0,
            ),
        ),
        Number(
            Number(
                0,
            ),
        ),
        Number(
            Number(
                0,
            ),
        ),
        Number(
            Number(
                0,
            ),
        ),
        Number(
            Number(
                0,
            ),
        ),
        Number(
            Number(
                0,
            ),
        ),
        Number(
            Number(
                0,
            ),
        ),
        Number(
            Number(
                0,
            ),
        ),
        Number(
            Number(
                0,
            ),
        ),
        Number(
            Number(
                0,
            ),
        ),
        Number(
            Number(
                0,
            ),
        ),
        Number(
            Number(
                0,
            ),
        ),
        Number(
            Number(
                0,
            ),
        ),
        Number(
            Number(
                0,
            ),
        ),
        Number(
            Number(
                0,
            ),
        ),
        Number(
            Number(
                0,
            ),
        ),
        Number(
            Number(
                0,
            ),
        ),
        Number(
            Number(
                0,
            ),
        ),
        Number(
            Number(
                0,
            ),
        ),
        Number(
            Number(
                0,
            ),
        ),
        Number(
            Number(
                0,
            ),
        ),
        Number(
            Number(
                0,
            ),
        ),
        Number(
            Number(
                0,
            ),
        ),
        Number(
            Number(
                0,
            ),
        ),
        Number(
            Number(
                0,
            ),
        ),
        Number(
            Number(
                0,
            ),
        ),
        Number(
            Number(
                0,
            ),
        ),
        Number(
            Number(
                0,
            ),
        ),
        Number(
            Number(
                0,
            ),
        ),
        Number(
            Number(
                0,
            ),
        ),
        Number(
            Number(
                0,
            ),
        ),
        Number(
            Number(
                0,
            ),
        ),
        Number(
            Number(
                0,
            ),
        ),
        Number(
            Number(
                0,
            ),
        ),
        Number(
            Number(
                0,
            ),
        ),
        Number(
            Number(
                0,
            ),
        ),
        Number(
            Number(
                0,
            ),
        ),
        Number(
            Number(
                0,
            ),
        ),
        Number(
            Number(
                0,
            ),
        ),
        Number(
            Number(
                0,
            ),
        ),
        Number(
            Number(
                0,
            ),
        ),
        Number(
            Number(
                0,
            ),
        ),
        Number(
            Number(
                0,
            ),
        ),
        Number(
            Number(
                0,
            ),
        ),
        Number(
            Number(
                0,
            ),
        ),
        Number(
            Number(
                0,
            ),
        ),
        Number(
            Number(
                0,
            ),
        ),
        Number(
            Number(
                0,
            ),
        ),
        Number(
            Number(
                0,
            ),
        ),
        Number(
            Number(
                0,
            ),
        ),
        Number(
            Number(
                0,
            ),
        ),
        Number(
            Number(
                0,
            ),
        ),
        Number(
            Number(
                0,
            ),
        ),
        Number(
            Number(
                0,
            ),
        ),
        Number(
            Number(
                0,
            ),
        ),
        Number(
            Number(
                0,
            ),
        ),
        Number(
            Number(
                0,
            ),
        ),
        Number(
            Number(
                0,
            ),
        ),
        Number(
            Number(
                0,
            ),
        ),
        Number(
            Number(
                0,
            ),
        ),
        Number(
            Number(
                0,
            ),
        ),
        Number(
            Number(
                0,
            ),
        ),
        Number(
            Number(
                0,
            ),
        ),
        Number(
            Number(
                0,
            ),
        ),
        Number(
            Number(
                0,
            ),
        ),
        Number(
            Number(
                0,
            ),
        ),
        Number(
            Number(
                0,
            ),
        ),
        Number(
            Number(
                0,
            ),
        ),
        Number(
            Number(
                0,
            ),
        ),
        Number(
            Number(
                0,
            ),
        ),
        Number(
            Number(
                0,
            ),
        ),
        Number(
            Number(
                0,
            ),
        ),
        Number(
            Number(
                0,
            ),
        ),
        Number(
            Number(
                0,
            ),
        ),
        Number(
            Number(
                0,
            ),
        ),
        Number(
            Number(
                0,
            ),
        ),
        Number(
            Number(
                0,
            ),
        ),
        Number(
            Number(
                0,
            ),
        ),
        Number(
            Number(
                0,
            ),
        ),
        Number(
            Number(
                0,
            ),
        ),
        Number(
            Number(
                0,
            ),
        ),
        Number(
            Number(
                0,
            ),
        ),
        Number(
            Number(
                0,
            ),
        ),
        Number(
            Number(
                0,
            ),
        ),
        Number(
            Number(
                0,
            ),
        ),
        Number(
            Number(
                0,
            ),
        ),
        Number(
            Number(
                0,
            ),
        ),
        Number(
            Number(
                0,
            ),
        ),
        Number(
            Number(
                0,
            ),
        ),
        Number(
            Number(
                0,
            ),
        ),
        Number(
            Number(
                0,
            ),
        ),
        Number(
            Number(
                0,
            ),
        ),
        Number(
            Number(
                0,
            ),
        ),
        Number(
            Number(
                0,
            ),
        ),
        Number(
            Number(
                0,
            ),
        ),
        Number(
            Number(
                0,
            ),
        ),
        Number(
            Number(
                0,
            ),
        ),
        Number(
            Number(
                0,
            ),
        ),
        Number(
            Number(
                0,
            ),
        ),
        Number(
            Number(
                0,
            ),
        ),
        Number(
            Number(
                0,
            ),
        ),
        Number(
            Number(
                0,
            ),
        ),
        Number(
            Number(
                0,
            ),
        ),
        Number(
            Number(
                0,
            ),
        ),
        Number(
            Number(
                0,
            ),
        ),
        Number(
            Number(
                0,
            ),
        ),
        Number(
            Number(
                0,
            ),
        ),
        Number(
            Number(
                0,
            ),
        ),
        Number(
            Number(
                0,
            ),
        ),
        Number(
            Number(
                0,
            ),
        ),
        Number(
            Number(
                0,
            ),
        ),
        Number(
            Number(
                0,
            ),
        ),
        Number(
            Number(
                0,
            ),
        ),
        Number(
            Number(
                0,
            ),
        ),
        Number(
            Number(
                0,
            ),
        ),
        Number(
            Number(
                0,
            ),
        ),
        Number(
            Number(
                0,
            ),
        ),
        Number(
            Number(
                0,
            ),
        ),
        Number(
            Number(
                0,
            ),
        ),
        Number(
            Number(
                0,
            ),
        ),
        Number(
            Number(
                0,
            ),
        ),
        Number(
            Number(
                0,
            ),
        ),
        Number(
            Number(
                0,
            ),
        ),
        Number(
            Number(
                0,
            ),
        ),
        Number(
            Number(
                0,
            ),
        ),
        Number(
            Number(
                0,
            ),
        ),
        Number(
            Number(
                0,
            ),
        ),
        Number(
            Number(
                0,
            ),
        ),
        Number(
            Number(
                0,
            ),
        ),
        Number(
            Number(
                0,
            ),
        ),
        Number(
            Number(
                0,
            ),
        ),
        Number(
            Number(
                0,
            ),
        ),
        Number(
            Number(
                0,
            ),
        ),
        Number(
            Number(
                0,
            ),
        ),
        Number(
            Number(
                0,
            ),
        ),
        Number(
            Number(
                0,
            ),
        ),
        Number(
            Number(
                0,
            ),
        ),
        Number(
            Number(
                0,
            ),
        ),
        Number(
            Number(
                0,
            ),
        ),
        Number(
            Number(
                0,
            ),
        ),
        Number(
            Number(
                0,
            ),
        ),
        Number(
            Number(
                0,
            ),
        ),
        Number(
            Number(
                0,
            ),
        ),
        Number(
            Number(
                0,
            ),
        ),
        Number(
            Number(
                0,
            ),
        ),
        Number(
            Number(
                0,
            ),
        ),
        Number(
            Number(
                0,
            ),
        ),
        Number(
            Number(
                0,
            ),
        ),
        Number(
            Number(
                0,
            ),
        ),
        Number(
            Number(
                0,
            ),
        ),
        Number(
            Number(
                0,
            ),
        ),
        Number(
            Number(
                0,
            ),
        ),
        Number(
            Number(
                0,
            ),
        ),
        Number(
            Number(
                0,
            ),
        ),
        Number(
            Number(
                0,
            ),
        ),
        Number(
            Number(
                0,
            ),
        ),
        Number(
            Number(
                0,
            ),
        ),
        Number(
            Number(
                0,
            ),
        ),
        Number(
            Number(
                0,
            ),
        ),
        Number(
            Number(
                0,
            ),
        ),
        Number(
            Number(
                0,
            ),
        ),
        Number(
            Number(
                0,
            ),
        ),
        Number(
            Number(
                0,
            ),
        ),
        Number(
            Number(
                0,
            ),
        ),
        Number(
            Number(
                0,
            ),
        ),
        Number(
            Number(
                0,
            ),
        ),
        Number(
            Number(
                0,
            ),
        ),
        Number(
            Number(
                0,
            ),
        ),
        Number(
            Number(
                0,
            ),
        ),
        Number(
            Number(
                0,
            ),
        ),
        Number(
            Number(
                0,
            ),
        ),
        Number(
            Number(
                0,
            ),
        ),
        Number(
            Number(
                0,
            ),
        ),
        Number(
            Number(
                0,
            ),
        ),
        Number(
            Number(
                0,
            ),
        ),
        Number(
            Number(
                0,
            ),
        ),
        Number(
            Number(
                0,
            ),
        ),
        Number(
            Number(
                0,
            ),
        ),
        Number(
            Number(
                0,
            ),
        ),
        Number(
            Number(
                0,
            ),
        ),
        Number(
            Number(
                0,
            ),
        ),
        Number(
            Number(
                0,
            ),
        ),
        Number(
            Number(
                0,
            ),
        ),
        Number(
            Number(
                0,
            ),
        ),
        Number(
            Number(
                0,
            ),
        ),
        Number(
            Number(
                0,
            ),
        ),
        Number(
            Number(
                0,
            ),
        ),
        Number(
            Number(
                0,
            ),
        ),
        Number(
            Number(
                0,
            ),
        ),
        Number(
            Number(
                0,
            ),
        ),
        Number(
            Number(
                0,
            ),
        ),
        Number(
            Number(
                0,
            ),
        ),
        Number(
            Number(
                0,
            ),
        ),
        Number(
            Number(
                0,
            ),
        ),
        Number(
            Number(
                0,
            ),
        ),
        Number(
            Number(
                0,
            ),
        ),
        Number(
            Number(
                0,
            ),
        ),
        Number(
            Number(
                0,
            ),
        ),
        Number(
            Number(
                0,
            ),
        ),
        Number(
            Number(
                0,
            ),
        ),
        Number(
            Number(
                0,
            ),
        ),
        Number(
            Number(
                0,
            ),
        ),
        Number(
            Number(
                0,
            ),
        ),
        Number(
            Number(
                0,
            ),
        ),
        Number(
            Number(
                0,
            ),
        ),
        Number(
            Number(
                0,
            ),
        ),
        Number(
            Number(
                0,
            ),
        ),
        Number(
            Number(
                0,
            ),
        ),
        Number(
            Number(
                0,
            ),
        ),
        Number(
            Number(
                0,
            ),
        ),
        Number(
            Number(
                0,
            ),
        ),
        Number(
            Number(
                0,
            ),
        ),
        Number(
            Number(
                0,
            ),
        ),
        Number(
            Number(
                0,
            ),
        ),
        Number(
            Number(
                0,
            ),
        ),
        Number(
            Number(
                0,
            ),
        ),
        Number(
            Number(
                0,
            ),
        ),
        Number(
            Number(
                0,
            ),
        ),
        Number(
            Number(
                0,
            ),
        ),
        Number(
            Number(
                0,
            ),
        ),
        Number(
            Number(
                0,
            ),
        ),
        Number(
            Number(
                0,
            ),
        ),
        Number(
            Number(
                0,
            ),
        ),
        Number(
            Number(
                0,
            ),
        ),
        Number(
            Number(
                0,
            ),
        ),
        Number(
            Number(
                0,
            ),
        ),
        Number(
            Number(
                0,
            ),
        ),
        Number(
            Number(
                0,
            ),
        ),
        Number(
            Number(
                0,
            ),
        ),
        Number(
            Number(
                0,
            ),
        ),
        Number(
            Number(
                0,
            ),
        ),
        Number(
            Number(
                0,
            ),
        ),
        Number(
            Number(
                0,
            ),
        ),
        Number(
            Number(
                0,
            ),
        ),
        Number(
            Number(
                0,
            ),
        ),
        Number(
            Number(
                0,
            ),
        ),
        Number(
            Number(
                0,
            ),
        ),
        Number(
            Number(
                0,
            ),
        ),
        Number(
            Number(
                0,
            ),
        ),
        Number(
            Number(
                0,
            ),
        ),
        Number(
            Number(
                0,
            ),
        ),
        Number(
            Number(
                0,
            ),
        ),
        Number(
            Number(
                0,
            ),
        ),
        Number(
            Number(
                0,
            ),
        ),
        Number(
            Number(
                0,
            ),
        ),
        Number(
            Number(
                0,
            ),
        ),
        Number(
            Number(
                0,
            ),
        ),
        Number(
            Number(
                0,
            ),
        ),
        Number(
            Number(
                0,
            ),
        ),
        Number(
            Number(
                0,
            ),
        ),
        Number(
            Number(
                0,
            ),
        ),
        Number(
            Number(
                0,
            ),
        ),
        Number(
            Number(
                0,
            ),
        ),
        Number(
            Number(
                0,
            ),
        ),
        Number(
            Number(
                0,
            ),
        ),
        Number(
            Number(
                0,
            ),
        ),
        Number(
            Number(
                0,
            ),
        ),
        Number(
            Number(
                0,
            ),
        ),
        Number(
            Number(
                0,
            ),
        ),
        Number(
            Number(
                0,
            ),
        ),
        Number(
            Number(
                0,
            ),
        ),
        Number(
            Number(
                0,
            ),
        ),
        Number(
            Number(
                0,
            ),
        ),
        Number(
            Number(
                0,
            ),
        ),
        Number(
            Number(
                0,
            ),
        ),
        Number(
            Number(
                0,
            ),
        ),
        Number(
            Number(
                0,
            ),
        ),
        Number(
            Number(
                0,
            ),
        ),
        Number(
            Number(
                0,
            ),
        ),
        Number(
            Number(
                0,
            ),
        ),
        Number(
            Number(
                0,
            ),
        ),
        Number(
            Number(
                0,
            ),
        ),
        Number(
            Number(
                0,
            ),
        ),
        Number(
            Number(
                0,
            ),
        ),
        Number(
            Number(
                0,
            ),
        ),
        Number(
            Number(
                0,
            ),
        ),
        Number(
            Number(
                0,
            ),
        ),
        Number(
            Number(
                0,
            ),
        ),
        Number(
            Number(
                0,
            ),
        ),
        Number(
            Number(
                0,
            ),
        ),
        Number(
            Number(
                0,
            ),
        ),
        Number(
            Number(
                0,
            ),
        ),
        Number(
            Number(
                0,
            ),
        ),
        Number(
            Number(
                0,
            ),
        ),
        Number(
            Number(
                0,
            ),
        ),
        Number(
            Number(
                0,
            ),
        ),
        Number(
            Number(
                0,
            ),
        ),
        Number(
            Number(
                0,
            ),
        ),
        Number(
            Number(
                0,
            ),
        ),
        Number(
            Number(
                0,
            ),
        ),
        Number(
            Number(
                0,
            ),
        ),
        Number(
            Number(
                0,
            ),
        ),
        Number(
            Number(
                0,
            ),
        ),
        Number(
            Number(
                0,
            ),
        ),
        Number(
            Number(
                0,
            ),
        ),
        Number(
            Number(
                0,
            ),
        ),
        Number(
            Number(
                0,
            ),
        ),
        Number(
            Number(
                0,
            ),
        ),
        Number(
            Number(
                0,
            ),
        ),
        Number(
            Number(
                0,
            ),
        ),
        Number(
            Number(
                0,
            ),
        ),
        Number(
            Number(
                0,
            ),
        ),
        Number(
            Number(
                0,
            ),
        ),
        Number(
            Number(
                0,
            ),
        ),
        Number(
            Number(
                0,
            ),
        ),
        Number(
            Number(
                0,
            ),
        ),
        Number(
            Number(
                0,
            ),
        ),
        Number(
            Number(
                0,
            ),
        ),
        Number(
            Number(
                0,
            ),
        ),
        Number(
            Number(
                0,
            ),
        ),
        Number(
            Number(
                0,
            ),
        ),
        Number(
            Number(
                0,
            ),
        ),
        Number(
            Number(
                0,
            ),
        ),
        Number(
            Number(
                0,
            ),
        ),
        Number(
            Number(
                0,
            ),
        ),
        Number(
            Number(
                0,
            ),
        ),
        Number(
            Number(
                0,
            ),
        ),
        Number(
            Number(
                0,
            ),
        ),
        Number(
            Number(
                0,
            ),
        ),
        Number(
            Number(
                0,
            ),
        ),
        Number(
            Number(
                0,
            ),
        ),
        Number(
            Number(
                0,
            ),
        ),
        Number(
            Number(
                0,
            ),
        ),
        Number(
            Number(
                0,
            ),
        ),
        Number(
            Number(
                0,
            ),
        ),
        Number(
            Number(
                0,
            ),
        ),
        Number(
            Number(
                0,
            ),
        ),
        Number(
            Number(
                0,
            ),
        ),
        Number(
            Number(
                0,
            ),
        ),
        Number(
            Number(
                0,
            ),
        ),
        Number(
            Number(
                0,
            ),
        ),
        Number(
            Number(
                0,
            ),
        ),
        Number(
            Number(
                0,
            ),
        ),
        Number(
            Number(
                0,
            ),
        ),
        Number(
            Number(
                0,
            ),
        ),
        Number(
            Number(
                0,
            ),
        ),
        Number(
            Number(
                0,
            ),
        ),
        Number(
            Number(
                0,
            ),
        ),
        Number(
            Number(
                0,
            ),
        ),
        Number(
            Number(
                0,
            ),
        ),
        Number(
            Number(
                0,
            ),
        ),
        Number(
            Number(
                0,
            ),
        ),
        Number(
            Number(
                0,
            ),
        ),
        Number(
            Number(
                0,
            ),
        ),
        Number(
            Number(
                0,
            ),
        ),
        Number(
            Number(
                0,
            ),
        ),
        Number(
            Number(
                0,
            ),
        ),
        Number(
            Number(
                0,
            ),
        ),
        Number(
            Number(
                0,
            ),
        ),
        Number(
            Number(
                0,
            ),
        ),
        Number(
            Number(
                0,
            ),
        ),
        Number(
            Number(
                0,
            ),
        ),
        Number(
            Number(
                0,
            ),
        ),
        Number(
            Number(
                0,
            ),
        ),
        Number(
            Number(
                0,
            ),
        ),
        Number(
            Number(
                0,
            ),
        ),
        Number(
            Number(
                0,
            ),
        ),
        Number(
            Number(
                0,
            ),
        ),
        Number(
            Number(
                0,
            ),
        ),
        Number(
            Number(
                0,
            ),
        ),
        Number(
            Number(
                0,
            ),
        ),
        Number(
            Number(
                0,
            ),
        ),
        Number(
            Number(
                0,
            ),
        ),
        Number(
            Number(
                0,
            ),
        ),
        Number(
            Number(
                0,
            ),
        ),
        Number(
            Number(
                0,
            ),
        ),
        Number(
            Number(
                0,
            ),
        ),
        Number(
            Number(
                0,
            ),
        ),
        Number(
            Number(
                0,
            ),
        ),
        Number(
            Number(
                0,
            ),
        ),
        Number(
            Number(
                0,
            ),
        ),
        Number(
            Number(
                0,
            ),
        ),
        Number(
            Number(
                0,
            ),
        ),
        Number(
            Number(
                0,
            ),
        ),
        Number(
            Number(
                0,
            ),
        ),
        Number(
            Number(
                0,
            ),
        ),
        Number(
            Number(
                0,
            ),
        ),
        Number(
            Number(
                0,
            ),
        ),
        Number(
            Number(
                0,
            ),
        ),
        Number(
            Number(
                0,
            ),
        ),
        Number(
            Number(
                0,
            ),
        ),
        Number(
            Number(
                0,
            ),
        ),
        Number(
            Number(
                0,
            ),
        ),
        Number(
            Number(
                0,
            ),
        ),
        Number(
            Number(
                0,
            ),
        ),
        Number(
            Number(
                0,
            ),
        ),
        Number(
            Number(
                0,
            ),
        ),
        Number(
            Number(
                0,
            ),
        ),
        Number(
            Number(
                0,
            ),
        ),
        Number(
            Number(
                0,
            ),
        ),
        Number(
            Number(
                0,
            ),
        ),
        Number(
            Number(
                0,
            ),
        ),
        Number(
            Number(
                0,
            ),
        ),
        Number(
            Number(
                0,
            ),
        ),
        Number(
            Number(
                0,
            ),
        ),
        Number(
            Number(
                0,
            ),
        ),
        Number(
            Number(
                0,
            ),
        ),
        Number(
            Number(
                0,
            ),
        ),
        Number(
            Number(
                0,
            ),
        ),
        Number(
            Number(
                0,
            ),
        ),
        Number(
            Number(
                0,
            ),
        ),
        Number(
            Number(
                0,
            ),
        ),
        Number(
            Number(
                0,
            ),
        ),
        Number(
            Number(
                0,
            ),
        ),
        Number(
            Number(
                0,
            ),
        ),
        Number(
            Number(
                0,
            ),
        ),
        Number(
            Number(
                0,
            ),
        ),
        Number(
            Number(
                0,
            ),
        ),
        Number(
            Number(
                0,
            ),
        ),
        Number(
            Number(
                0,
            ),
        ),
        Number(
            Number(
                0,
            ),
        ),
        Number(
            Number(
                0,
            ),
        ),
        Number(
            Number(
                0,
            ),
        ),
        Number(
            Number(
                0,
            ),
        ),
        Number(
            Number(
                0,
            ),
        ),
        Number(
            Number(
                0,
            ),
        ),
        Number(
            Number(
                0,
            ),
        ),
        Number(
            Number(
                0,
            ),
        ),
        Number(
            Number(
                0,
            ),
        ),
        Number(
            Number(
                0,
            ),
        ),
        Number(
            Number(
                0,
            ),
        ),
        Number(
            Number(
                0,
            ),
        ),
        Number(
            Number(
                0,
            ),
        ),
        Number(
            Number(
                0,
            ),
        ),
        Number(
            Number(
                0,
            ),
        ),
        Number(
            Number(
                0,
            ),
        ),
        Number(
            Number(
                0,
            ),
        ),
        Number(
            Number(
                0,
            ),
        ),
        Number(
            Number(
                0,
            ),
        ),
        Number(
            Number(
                0,
            ),
        ),
        Number(
            Number(
                0,
            ),
        ),
        Number(
            Number(
                0,
            ),
        ),
        Number(
            Number(
                0,
            ),
        ),
        Number(
            Number(
                0,
            ),
        ),
        Number(
            Number(
                0,
            ),
        ),
        Number(
            Number(
                0,
            ),
        ),
        Number(
            Number(
                0,
            ),
        ),
        Number(
            Number(
                0,
            ),
        ),
        Number(
            Number(
                0,
            ),
        ),
        Number(
            Number(
                0,
            ),
        ),
        Number(
            Number(
                0,
            ),
        ),
        Number(
            Number(
                0,
            ),
        ),
        Number(
            Number(
                0,
            ),
        ),
        Number(
            Number(
                0,
            ),
        ),
        Number(
            Number(
                0,
            ),
        ),
        Number(
            Number(
                0,
            ),
        ),
        Number(
            Number(
                0,
            ),
        ),
        Number(
            Number(
                0,
            ),
        ),
        Number(
            Number(
                0,
            ),
        ),
        Number(
            Number(
                0,
            ),
        ),
        Number(
            Number(
                0,
            ),
        ),
        Number(
            Number(
                0,
            ),
        ),
        Number(
            Number(
                0,
            ),
        ),
        Number(
            Number(
                0,
            ),
        ),
        Number(
            Number(
                0,
            ),
        ),
        Number(
            Number(
                0,
            ),
        ),
        Number(
            Number(
                0,
            ),
        ),
        Number(
            Number(
                0,
            ),
        ),
        Number(
            Number(
                0,
            ),
        ),
        Number(
            Number(
                0,
            ),
        ),
        Number(
            Number(
                0,
            ),
        ),
        Number(
            Number(
                0,
            ),
        ),
        Number(
            Number(
                0,
            ),
        ),
        Number(
            Number(
                0,
            ),
        ),
        Number(
            Number(
                0,
            ),
        ),
        Number(
            Number(
                0,
            ),
        ),
        Number(
            Number(
                0,
            ),
        ),
        Number(
            Number(
                0,
            ),
        ),
        Number(
            Number(
                0,
            ),
        ),
        Number(
            Number(
                0,
            ),
        ),
        Number(
            Number(
                0,
            ),
        ),
        Number(
            Number(
                0,
            ),
        ),
        Number(
            Number(
                0,
            ),
        ),
        Number(
            Number(
                0,
            ),
        ),
        Number(
            Number(
                0,
            ),
        ),
        Number(
            Number(
                0,
            ),
        ),
        Number(
            Number(
                0,
            ),
        ),
        Number(
            Number(
                0,
            ),
        ),
        Number(
            Number(
                0,
            ),
        ),
        Number(
            Number(
                0,
            ),
        ),
        Number(
            Number(
                0,
            ),
        ),
        Number(
            Number(
                0,
            ),
        ),
        Number(
            Number(
                0,
            ),
        ),
        Number(
            Number(
                0,
            ),
        ),
        Number(
            Number(
                0,
            ),
        ),
        Number(
            Number(
                0,
            ),
        ),
        Number(
            Number(
                0,
            ),
        ),
        Number(
            Number(
                0,
            ),
        ),
        Number(
            Number(
                0,
            ),
        ),
        Number(
            Number(
                0,
            ),
        ),
        Number(
            Number(
                0,
            ),
        ),
        Number(
            Number(
                0,
            ),
        ),
        Number(
            Number(
                0,
            ),
        ),
        Number(
            Number(
                0,
            ),
        ),
        Number(
            Number(
                0,
            ),
        ),
        Number(
            Number(
                0,
            ),
        ),
        Number(
            Number(
                0,
            ),
        ),
        Number(
            Number(
                0,
            ),
        ),
        Number(
            Number(
                0,
            ),
        ),
        Number(
            Number(
                0,
            ),
        ),
        Number(
            Number(
                0,
            ),
        ),
        Number(
            Number(
                0,
            ),
        ),
        Number(
            Number(
                0,
            ),
        ),
        Number(
            Number(
                0,
            ),
        ),
        Number(
            Number(
                0,
            ),
        ),
        Number(
            Number(
                0,
            ),
        ),
        Number(
            Number(
                0,
            ),
        ),
        Number(
            Number(
                0,
            ),
        ),
        Number(
            Number(
                0,
            ),
        ),
        Number(
            Number(
                0,
            ),
        ),
        Number(
            Number(
                0,
            ),
        ),
        Number(
            Number(
                0,
            ),
        ),
        Number(
            Number(
                0,
            ),
        ),
        Number(
            Number(
                0,
            ),
        ),
        Number(
            Number(
                0,
            ),
        ),
        Number(
            Number(
                0,
            ),
        ),
        Number(
            Number(
                0,
            ),
        ),
        Number(
            Number(
                0,
            ),
        ),
        Number(
            Number(
                0,
            ),
        ),
        Number(
            Number(
                0,
            ),
        ),
        Number(
            Number(
                0,
            ),
        ),
        Number(
            Number(
                0,
            ),
        ),
        Number(
            Number(
                0,
            ),
        ),
        Number(
            Number(
                0,
            ),
        ),
        Number(
            Number(
                0,
            ),
        ),
        Number(
            Number(
                0,
            ),
        ),
        Number(
            Number(
                0,
            ),
        ),
        Number(
            Number(
                0,
            ),
        ),
        Number(
            Number(
                0,
            ),
        ),
        Number(
            Number(
                0,
            ),
        ),
        Number(
            Number(
                0,
            ),
        ),
        Number(
            Number(
                0,
            ),
        ),
        Number(
            Number(
                0,
            ),
        ),
        Number(
            Number(
                0,
            ),
        ),
        Number(
            Number(
                0,
            ),
        ),
        Number(
            Number(
                0,
            ),
        ),
        Number(
            Number(
                0,
            ),
        ),
        Number(
            Number(
                0,
            ),
        ),
        Number(
            Number(
                0,
            ),
        ),
        Number(
            Number(
                0,
            ),
        ),
        Number(
            Number(
                0,
            ),
        ),
        Number(
            Number(
                0,
            ),
        ),
        Number(
            Number(
                0,
            ),
        ),
        Number(
            Number(
                0,
            ),
        ),
        Number(
            Number(
                0,
            ),
        ),
        Number(
            Number(
                0,
            ),
        ),
        Number(
            Number(
                0,
            ),
        ),
        Number(
            Number(
                0,
            ),
        ),
        Number(
            Number(
                0,
            ),
        ),
        Number(
            Number(
                0,
            ),
        ),
        Number(
            Number(
                0,
            ),
        ),
        Number(
            Number(
                0,
            ),
        ),
        Number(
            Number(
                0,
            ),
        ),
        Number(
            Number(
                0,
            ),
        ),
        Number(
            Number(
                0,
            ),
        ),
        Number(
            Number(
                0,
            ),
        ),
        Number(
            Number(
                0,
            ),
        ),
        Number(
            Number(
                0,
            ),
        ),
        Number(
            Number(
                0,
            ),
        ),
        Number(
            Number(
                0,
            ),
        ),
        Number(
            Number(
                0,
            ),
        ),
        Number(
            Number(
                0,
            ),
        ),
        Number(
            Number(
                0,
            ),
        ),
        Number(
            Number(
                0,
            ),
        ),
        Number(
            Number(
                0,
            ),
        ),
        Number(
            Number(
                0,
            ),
        ),
        Number(
            Number(
                0,
            ),
        ),
        Number(
            Number(
                0,
            ),
        ),
        Number(
            Number(
                0,
            ),
        ),
        Number(
            Number(
                0,
            ),
        ),
        Number(
            Number(
                0,
            ),
        ),
        Number(
            Number(
                0,
            ),
        ),
        Number(
            Number(
                0,
            ),
        ),
        Number(
            Number(
                0,
            ),
        ),
        Number(
            Number(
                0,
            ),
        ),
        Number(
            Number(
                0,
            ),
        ),
        Number(
            Number(
                0,
            ),
        ),
        Number(
            Number(
                0,
            ),
        ),
        Number(
            Number(
                0,
            ),
        ),
        Number(
            Number(
                0,
            ),
        ),
        Number(
            Number(
                0,
            ),
        ),
        Number(
            Number(
                0,
            ),
        ),
        Number(
            Number(
                0,
            ),
        ),
        Number(
            Number(
                0,
            ),
        ),
        Number(
            Number(
                0,
            ),
        ),
        Number(
            Number(
                0,
            ),
        ),
        Number(
            Number(
                0,
            ),
        ),
        Number(
            Number(
                0,
            ),
        ),
        Number(
            Number(
                0,
            ),
        ),
        Number(
            Number(
                0,
            ),
        ),
        Number(
            Number(
                0,
            ),
        ),
        Number(
            Number(
                0,
            ),
        ),
        Number(
            Number(
                0,
            ),
        ),
        Number(
            Number(
                0,
            ),
        ),
        Number(
            Number(
                0,
            ),
        ),
        Number(
            Number(
                0,
            ),
        ),
        Number(
            Number(
                0,
            ),
        ),
        Number(
            Number(
                0,
            ),
        ),
        Number(
            Number(
                0,
            ),
        ),
        Number(
            Number(
                0,
            ),
        ),
        Number(
            Number(
                0,
            ),
        ),
        Number(
            Number(
                0,
            ),
        ),
        Number(
            Number(
                0,
            ),
        ),
        Number(
            Number(
                0,
            ),
        ),
        Number(
            Number(
                0,
            ),
        ),
        Number(
            Number(
                0,
            ),
        ),
        Number(
            Number(
                0,
            ),
        ),
        Number(
            Number(
                0,
            ),
        ),
        Number(
            Number(
                0,
            ),
        ),
        Number(
            Number(
                0,
            ),
        ),
        Number(
            Number(
                0,
            ),
        ),
        Number(
            Number(
                0,
            ),
        ),
        Number(
            Number(
                0,
            ),
        ),
        Number(
            Number(
                0,
            ),
        ),
        Number(
            Number(
                0,
            ),
        ),
        Number(
            Number(
                0,
            ),
        ),
        Number(
            Number(
                0,
            ),
        ),
        Number(
            Number(
                0,
            ),
        ),
        Number(
            Number(
                0,
            ),
        ),
        Number(
            Number(
                0,
            ),
        ),
        Number(
            Number(
                0,
            ),
        ),
        Number(
            Number(
                0,
            ),
        ),
        Number(
            Number(
                0,
            ),
        ),
        Number(
            Number(
                0,
            ),
        ),
        Number(
            Number(
                0,
            ),
        ),
        Number(
            Number(
                0,
            ),
        ),
        Number(
            Number(
                0,
            ),
        ),
        Number(
            Number(
                0,
            ),
        ),
        Number(
            Number(
                0,
            ),
        ),
        Number(
            Number(
                0,
            ),
        ),
        Number(
            Number(
                0,
            ),
        ),
        Number(
            Number(
                0,
            ),
        ),
        Number(
            Number(
                0,
            ),
        ),
        Number(
            Number(
                0,
            ),
        ),
        Number(
            Number(
                0,
            ),
        ),
        Number(
            Number(
                0,
            ),
        ),
        Number(
            Number(
                0,
            ),
        ),
        Number(
            Number(
                0,
            ),
        ),
        Number(
            Number(
                0,
            ),
        ),
        Number(
            Number(
                0,
            ),
        ),
        Number(
            Number(
                0,
            ),
        ),
        Number(
            Number(
                0,
            ),
        ),
        Number(
            Number(
                0,
            ),
        ),
        Number(
            Number(
                0,
            ),
        ),
        Number(
            Number(
                0,
            ),
        ),
        Number(
            Number(
                0,
            ),
        ),
        Number(
            Number(
                0,
            ),
        ),
        Number(
            Number(
                0,
            ),
        ),
        Number(
            Number(
                0,
            ),
        ),
        Number(
            Number(
                0,
            ),
        ),
        Number(
            Number(
                0,
            ),
        ),
        Number(
            Number(
                0,
            ),
        ),
        Number(
            Number(
                0,
            ),
        ),
        Number(
            Number(
                0,
            ),
        ),
        Number(
            Number(
                0,
            ),
        ),
        Number(
            Number(
                0,
            ),
        ),
        Number(
            Number(
                0,
            ),
        ),
        Number(
            Number(
                0,
            ),
        ),
        Number(
            Number(
                0,
            ),
        ),
        Number(
            Number(
                0,
            ),
        ),
        Number(
            Number(
                0,
            ),
        ),
        Number(
            Number(
                0,
            ),
        ),
        Number(
            Number(
                0,
            ),
        ),
        Number(
            Number(
                0,
            ),
        ),
        Number(
            Number(
                0,
            ),
        ),
        Number(
            Number(
                0,
            ),
        ),
        Number(
            Number(
                0,
            ),
        ),
        Number(
            Number(
                0,
            ),
        ),
        Number(
            Number(
                0,
            ),
        ),
        Number(
            Number(
                0,
            ),
        ),
        Number(
            Number(
                0,
            ),
        ),
        Number(
            Number(
                0,
            ),
        ),
        Number(
            Number(
                0,
            ),
        ),
        Number(
            Number(
                0,
            ),
        ),
        Number(
            Number(
                0,
            ),
        ),
        Number(
            Number(
                0,
            ),
        ),
        Number(
            Number(
                0,
            ),
        ),
        Number(
            Number(
                0,
            ),
        ),
        Number(
            Number(
                0,
            ),
        ),
        Number(
            Number(
                0,
            ),
        ),
        Number(
            Number(
                0,
            ),
        ),
        Number(
            Number(
                0,
            ),
        ),
        Number(
            Number(
                0,
            ),
        ),
        Number(
            Number(
                0,
            ),
        ),
        Number(
            Number(
                0,
            ),
        ),
        Number(
            Number(
                0,
            ),
        ),
        Number(
            Number(
                0,
            ),
        ),
        Number(
            Number(
                0,
            ),
        ),
        Number(
            Number(
                0,
            ),
        ),
        Number(
            Number(
                0,
            ),
        ),
        Number(
            Number(
                0,
            ),
        ),
        Number(
            Number(
                0,
            ),
        ),
        Number(
            Number(
                0,
            ),
        ),
        Number(
            Number(
                0,
            ),
        ),
        Number(
            Number(
                0,
            ),
        ),
        Number(
            Number(
                0,
            ),
        ),
        Number(
            Number(
                0,
            ),
        ),
        Number(
            Number(
                0,
            ),
        ),
        Number(
            Number(
                0,
            ),
        ),
        Number(
            Number(
                0,
            ),
        ),
        Number(
            Number(
                0,
            ),
        ),
        Number(
            Number(
                0,
            ),
        ),
        Number(
            Number(
                0,
            ),
        ),
        Number(
            Number(
                0,
            ),
        ),
        Number(
            Number(
                0,
            ),
        ),
        Number(
            Number(
                0,
            ),
        ),
        Number(
            Number(
                0,
            ),
        ),
        Number(
            Number(
                0,
            ),
        ),
        Number(
            Number(
                0,
            ),
        ),
        Number(
            Number(
                0,
            ),
        ),
        Number(
            Number(
                0,
            ),
        ),
        Number(
            Number(
                0,
            ),
        ),
        Number(
            Number(
                0,
            ),
        ),
        Number(
            Number(
                0,
            ),
        ),
        Number(
            Number(
                0,
            ),
        ),
        Number(
            Number(
                0,
            ),
        ),
        Number(
            Number(
                0,
            ),
        ),
        Number(
            Number(
                0,
            ),
        ),
        Number(
            Number(
                0,
            ),
        ),
        Number(
            Number(
                0,
            ),
        ),
        Number(
            Number(
                0,
            ),
        ),
        Number(
            Number(
                0,
            ),
        ),
        Number(
            Number(
                0,
            ),
        ),
        Number(
            Number(
                0,
            ),
        ),
        Number(
            Number(
                0,
            ),
        ),
        Number(
            Number(
                0,
            ),
        ),
        Number(
            Number(
                0,
            ),
        ),
        Number(
            Number(
                0,
            ),
        ),
        Number(
            Number(
                0,
            ),
        ),
        Number(
            Number(
                0,
            ),
        ),
        Number(
            Number(
                0,
            ),
        ),
        Number(
            Number(
                0,
            ),
        ),
        Number(
            Number(
                0,
            ),
        ),
        Number(
            Number(
                0,
            ),
        ),
        Number(
            Number(
                0,
            ),
        ),
        Number(
            Number(
                0,
            ),
        ),
        Number(
            Number(
                0,
            ),
        ),
        Number(
            Number(
                0,
            ),
        ),
        Number(
            Number(
                0,
            ),
        ),
        Number(
            Number(
                0,
            ),
        ),
        Number(
            Number(
                0,
            ),
        ),
        Number(
            Number(
                0,
            ),
        ),
        Number(
            Number(
                0,
            ),
        ),
        Number(
            Number(
                0,
            ),
        ),
        Number(
            Number(
                0,
            ),
        ),
        Number(
            Number(
                0,
            ),
        ),
        Number(
            Number(
                0,
            ),
        ),
        Number(
            Number(
                0,
            ),
        ),
        Number(
            Number(
                0,
            ),
        ),
        Number(
            Number(
                0,
            ),
        ),
        Number(
            Number(
                0,
            ),
        ),
        Number(
            Number(
                0,
            ),
        ),
        Number(
            Number(
                0,
            ),
        ),
        Number(
            Number(
                0,
            ),
        ),
        Number(
            Number(
                0,
            ),
        ),
        Number(
            Number(
                0,
            ),
        ),
        Number(
            Number(
                0,
            ),
        ),
        Number(
            Number(
                0,
            ),
        ),
        Number(
            Number(
                0,
            ),
        ),
        Number(
            Number(
                0,
            ),
        ),
        Number(
            Number(
                0,
            ),
        ),
        Number(
            Number(
                0,
            ),
        ),
        Number(
            Number(
                0,
            ),
        ),
        Number(
            Number(
                0,
            ),
        ),
        Number(
            Number(
                0,
            ),
        ),
        Number(
            Number(
                0,
            ),
        ),
        Number(
            Number(
                0,
            ),
        ),
        Number(
            Number(
                0,
            ),
        ),
        Number(
            Number(
                0,
            ),
        ),
        Number(
            Number(
                0,
            ),
        ),
        Number(
            Number(
                0,
            ),
        ),
        Number(
            Number(
                0,
            ),
        ),
        Number(
            Number(
                0,
            ),
        ),
        Number(
            Number(
                0,
            ),
        ),
        Number(
            Number(
                0,
            ),
        ),
        Number(
            Number(
                0,
            ),
        ),
        Number(
            Number(
                0,
            ),
        ),
        Number(
            Number(
                0,
            ),
        ),
        Number(
            Number(
                0,
            ),
        ),
        Number(
            Number(
                0,
            ),
        ),
        Number(
            Number(
                0,
            ),
        ),
        Number(
            Number(
                0,
            ),
        ),
        Number(
            Number(
                0,
            ),
        ),
        Number(
            Number(
                0,
            ),
        ),
        Number(
            Number(
                0,
            ),
        ),
        Number(
            Number(
                0,
            ),
        ),
        Number(
            Number(
                0,
            ),
        ),
        Number(
            Number(
                0,
            ),
        ),
        Number(
            Number(
                0,
            ),
        ),
        Number(
            Number(
                0,
            ),
        ),
        Number(
            Number(
                0,
            ),
        ),
        Number(
            Number(
                0,
            ),
        ),
        Number(
            Number(
                0,
            ),
        ),
        Number(
            Number(
                0,
            ),
        ),
        Number(
            Number(
                0,
            ),
        ),
        Number(
            Number(
                0,
            ),
        ),
        Number(
            Number(
                0,
            ),
        ),
        Number(
            Number(
                0,
            ),
        ),
        Number(
            Number(
                0,
            ),
        ),
        Number(
            Number(
                0,
            ),
        ),
        Number(
            Number(
                0,
            ),
        ),
        Number(
            Number(
                0,
            ),
        ),
        Number(
            Number(
                0,
            ),
        ),
        Number(
            Number(
                0,
            ),
        ),
        Number(
            Number(
                0,
            ),
        ),
        Number(
            Number(
                0,
            ),
        ),
        Number(
            Number(
                0,
            ),
        ),
        Number(
            Number(
                0,
            ),
        ),
        Number(
            Number(
                0,
            ),
        ),
        Number(
            Number(
                0,
            ),
        ),
        Number(
            Number(
                0,
            ),
        ),
        Number(
            Number(
                0,
            ),
        ),
        Number(
            Number(
                0,
            ),
        ),
        Number(
            Number(
                0,
            ),
        ),
        Number(
            Number(
                0,
            ),
        ),
        Number(
            Number(
                0,
            ),
        ),
        Number(
            Number(
                0,
            ),
        ),
        Number(
            Number(
                0,
            ),
        ),
        Number(
            Number(
                0,
            ),
        ),
        Number(
            Number(
                0,
            ),
        ),
        Number(
            Number(
                0,
            ),
        ),
        Number(
            Number(
                0,
            ),
        ),
        Number(
            Number(
                0,
            ),
        ),
        Number(
            Number(
                0,
            ),
        ),
        Number(
            Number(
                0,
            ),
        ),
        Number(
            Number(
                0,
            ),
        ),
        Number(
            Number(
                0,
            ),
        ),
        Number(
            Number(
                0,
            ),
        ),
        Number(
            Number(
                0,
            ),
        ),
        Number(
            Number(
                0,
            ),
        ),
        Number(
            Number(
                0,
            ),
        ),
        Number(
            Number(
                0,
            ),
        ),
        Number(
            Number(
                0,
            ),
        ),
        Number(
            Number(
                0,
            ),
        ),
        Number(
            Number(
                0,
            ),
        ),
        Number(
            Number(
                0,
            ),
        ),
        Number(
            Number(
                0,
            ),
        ),
        Number(
            Number(
                0,
            ),
        ),
        Number(
            Number(
                0,
            ),
        ),
        Number(
            Number(
                0,
            ),
        ),
        Number(
            Number(
                0,
            ),
        ),
        Number(
            Number(
                0,
            ),
        ),
        Number(
            Number(
                0,
            ),
        ),
        Number(
            Number(
                0,
            ),
        ),
        Number(
            Number(
                0,
            ),
        ),
        Number(
            Number(
                0,
            ),
        ),
        Number(
            Number(
                0,
            ),
        ),
        Number(
            Number(
                0,
            ),
        ),
        Number(
            Number(
                0,
            ),
        ),
        Number(
            Number(
                0,
            ),
        ),
        Number(
            Number(
                0,
            ),
        ),
        Number(
            Number(
                0,
            ),
        ),
        Number(
            Number(
                0,
            ),
        ),
        Number(
            Number(
                0,
            ),
        ),
        Number(
            Number(
                0,
            ),
        ),
        Number(
            Number(
                0,
            ),
        ),
        Number(
            Number(
                0,
            ),
        ),
        Number(
            Number(
                0,
            ),
        ),
        Number(
            Number(
                0,
            ),
        ),
        Number(
            Number(
                0,
            ),
        ),
        Number(
            Number(
                0,
            ),
        ),
        Number(
            Number(
                0,
            ),
        ),
        Number(
            Number(
                0,
            ),
        ),
        Number(
            Number(
                0,
            ),
        ),
        Number(
            Number(
                0,
            ),
        ),
        Number(
            Number(
                0,
            ),
        ),
        Number(
            Number(
                0,
            ),
        ),
        Number(
            Number(
                0,
            ),
        ),
        Number(
            Number(
                0,
            ),
        ),
        Number(
            Number(
                0,
            ),
        ),
        Number(
            Number(
                0,
            ),
        ),
        Number(
            Number(
                0,
            ),
        ),
        Number(
            Number(
                0,
            ),
        ),
        Number(
            Number(
                0,
            ),
        ),
        Number(
            Number(
                0,
            ),
        ),
        Number(
            Number(
                0,
            ),
        ),
        Number(
            Number(
                0,
            ),
        ),
        Number(
            Number(
                0,
            ),
        ),
        Number(
            Number(
                0,
            ),
        ),
        Number(
            Number(
                0,
            ),
        ),
        Number(
            Number(
                0,
            ),
        ),
        Number(
            Number(
                0,
            ),
        ),
        Number(
            Number(
                0,
            ),
        ),
        Number(
            Number(
                0,
            ),
        ),
        Number(
            Number(
                0,
            ),
        ),
        Number(
            Number(
                0,
            ),
        ),
        Number(
            Number(
                0,
            ),
        ),
        Number(
            Number(
                0,
            ),
        ),
        Number(
            Number(
                0,
            ),
        ),
        Number(
            Number(
                0,
            ),
        ),
        Number(
            Number(
                0,
            ),
        ),
        Number(
            Number(
                0,
            ),
        ),
        Number(
            Number(
                0,
            ),
        ),
        Number(
            Number(
                0,
            ),
        ),
        Number(
            Number(
                0,
            ),
        ),
        Number(
            Number(
                0,
            ),
        ),
        Number(
            Number(
                0,
            ),
        ),
        Number(
            Number(
                0,
            ),
        ),
        Number(
            Number(
                0,
            ),
        ),
        Number(
            Number(
                0,
            ),
        ),
        Number(
            Number(
                0,
            ),
        ),
        Number(
            Number(
                0,
            ),
        ),
        Number(
            Number(
                0,
            ),
        ),
        Number(
            Number(
                0,
            ),
        ),
        Number(
            Number(
                0,
            ),
        ),
        Number(
            Number(
                0,
            ),
        ),
        Number(
            Number(
                0,
            ),
        ),
        Number(
            Number(
                0,
            ),
        ),
        Number(
            Number(
                0,
            ),
        ),
        Number(
            Number(
                0,
            ),
        ),
        Number(
            Number(
                0,
            ),
        ),
        Number(
            Number(
                0,
            ),
        ),
        Number(
            Number(
                0,
            ),
        ),
        Number(
            Number(
                0,
            ),
        ),
        Number(
            Number(
                0,
            ),
        ),
        Number(
            Number(
                0,
            ),
        ),
        Number(
            Number(
                0,
            ),
        ),
        Number(
            Number(
                0,
            ),
        ),
        Number(
            Number(
                0,
            ),
        ),
        Number(
            Number(
                0,
            ),
        ),
        Number(
            Number(
                0,
            ),
        ),
        Number(
            Number(
                0,
            ),
        ),
        Number(
            Number(
                0,
            ),
        ),
        Number(
            Number(
                0,
            ),
        ),
        Number(
            Number(
                0,
            ),
        ),
        Number(
            Number(
                0,
            ),
        ),
        Number(
            Number(
                0,
            ),
        ),
        Number(
            Number(
                0,
            ),
        ),
        Number(
            Number(
                0,
            ),
        ),
        Number(
            Number(
                0,
            ),
        ),
        Number(
            Number(
                0,
            ),
        ),
        Number(
            Number(
                0,
            ),
        ),
        Number(
            Number(
                0,
            ),
        ),
        Number(
            Number(
                0,
            ),
        ),
        Number(
            Number(
                0,
            ),
        ),
        Number(
            Number(
                0,
            ),
        ),
        Number(
            Number(
                0,
            ),
        ),
        Number(
            Number(
                0,
            ),
        ),
        Number(
            Number(
                0,
            ),
        ),
        Number(
            Number(
                0,
            ),
        ),
        Number(
            Number(
                0,
            ),
        ),
        Number(
            Number(
                0,
            ),
        ),
        Number(
            Number(
                0,
            ),
        ),
        Number(
            Number(
                0,
            ),
        ),
        Number(
            Number(
                0,
            ),
        ),
        Number(
            Number(
                0,
            ),
        ),
        Number(
            Number(
                0,
            ),
        ),
        Number(
            Number(
                0,
            ),
        ),
        Number(
            Number(
                0,
            ),
        ),
        Number(
            Number(
                0,
            ),
        ),
        Number(
            Number(
                0,
            ),
        ),
        Number(
            Number(
                0,
            ),
        ),
        Number(
            Number(
                0,
            ),
        ),
        Number(
            Number(
                0,
            ),
        ),
        Number(
            Number(
                0,
            ),
        ),
        Number(
            Number(
                0,
            ),
        ),
        Number(
            Number(
                0,
            ),
        ),
        Number(
            Number(
                0,
            ),
        ),
        Number(
            Number(
                0,
            ),
        ),
        Number(
            Number(
                0,
            ),
        ),
        Number(
            Number(
                0,
            ),
        ),
        Number(
            Number(
                0,
            ),
        ),
        Number(
            Number(
                0,
            ),
        ),
        Number(
            Number(
                0,
            ),
        ),
        Number(
            Number(
                0,
            ),
        ),
        Number(
            Number(
                0,
            ),
        ),
        Number(
            Number(
                0,
            ),
        ),
        Number(
            Number(
                0,
            ),
        ),
        Number(
            Number(
                0,
            ),
        ),
        Number(
            Number(
                0,
            ),
        ),
        Number(
            Number(
                0,
            ),
        ),
        Number(
            Number(
                0,
            ),
        ),
        Number(
            Number(
                0,
            ),
        ),
        Number(
            Number(
                0,
            ),
        ),
        Number(
            Number(
                0,
            ),
        ),
        Number(
            Number(
                0,
            ),
        ),
        Number(
            Number(
                0,
            ),
        ),
        Number(
            Number(
                0,
            ),
        ),
        Number(
            Number(
                0,
            ),
        ),
        Number(
            Number(
                0,
            ),
        ),
        Number(
            Number(
                0,
            ),
        ),
        Number(
            Number(
                0,
            ),
        ),
        Number(
            Number(
                0,
            ),
        ),
        Number(
            Number(
                0,
            ),
        ),
        Number(
            Number(
                0,
            ),
        ),
        Number(
            Number(
                0,
            ),
        ),
        Number(
            Number(
                0,
            ),
        ),
        Number(
            Number(
                0,
            ),
        ),
        Number(
            Number(
                0,
            ),
        ),
        Number(
            Number(
                0,
            ),
        ),
        Number(
            Number(
                0,
            ),
        ),
        Number(
            Number(
                0,
            ),
        ),
        Number(
            Number(
                0,
            ),
        ),
        Number(
            Number(
                0,
            ),
        ),
        Number(
            Number(
                0,
            ),
        ),
        Number(
            Number(
                0,
            ),
        ),
        Number(
            Number(
                0,
            ),
        ),
        Number(
            Number(
                0,
            ),
        ),
        Number(
            Number(
                0,
            ),
        ),
        Number(
            Number(
                0,
            ),
        ),
        Number(
            Number(
                0,
            ),
        ),
        Number(
            Number(
                0,
            ),
        ),
        Number(
            Number(
                0,
            ),
        ),
        Number(
            Number(
                0,
            ),
        ),
        Number(
            Number(
                0,
            ),
        ),
        Number(
            Number(
                0,
            ),
        ),
        Number(
            Number(
                0,
            ),
        ),
        Number(
            Number(
                0,
            ),
        ),
        Number(
            Number(
                0,
            ),
        ),
        Number(
            Number(
                0,
            ),
        ),
        Number(
            Number(
                0,
            ),
        ),
        Number(
            Number(
                0,
            ),
        ),
        Number(
            Number(
                0,
            ),
        ),
        Number(
            Number(
                0,
            ),
        ),
        Number(
            Number(
                0,
            ),
        ),
    ],
    allocation_index: 2,
    allocation_limit: 512,
}
